// Jest Snapshot v1, https://goo.gl/fbAQLP

exports[`the jsonlines loader rejects invalid options: warnings 1`] = `Array []`;
exports[`the jsonlines loader rejects invalid options: errors 1`] = `
Array [
  [ModuleBuildError: Module build failed (replaced/path):
ValidationError: Invalid configuration object. Object has been initialised using a configuration object that does not match the API schema.
 - configuration has an unknown property 'fictionalOption'. These properties are valid:
   object { ignoreParseErrors? }
    at validate (/Users/dave/git/jsonlines-loader/node_modules/schema-utils/dist/validate.js:85:11)
    at Object.loader (/Users/dave/git/jsonlines-loader/src/index.js:21:3)],
]
`;

exports[`the jsonlines loader handles an empty file: content 1`] = `"module.exports = [,]"`;
exports[`the jsonlines loader handles an empty file: warnings 1`] = `Array []`;
exports[`the jsonlines loader handles an empty file: errors 1`] = `
Array [
  [ModuleError: Module Error (replaced/path):
Unexpected end of JSON input],
]
`;

exports[`the jsonlines loader handles a single newline: content 1`] = `"module.exports = [,]"`;
exports[`the jsonlines loader handles a single newline: warnings 1`] = `Array []`;
exports[`the jsonlines loader handles a single newline: errors 1`] = `Array []`;

exports[`the jsonlines loader handles a single line of JSON: content 1`] = `"module.exports = [,[{\\"_id\\":\\"5de6a9b249636271161a4b1c\\",\\"index\\":0,\\"guid\\":\\"6075aaf5-c018-4f21-88f1-5dd2dc360726\\",\\"isActive\\":false,\\"balance\\":\\"$3,427.54\\",\\"picture\\":\\"http://placehold.it/32x32\\",\\"age\\":27,\\"eyeColor\\":\\"blue\\",\\"name\\":\\"Heath Juarez\\",\\"gender\\":\\"male\\",\\"company\\":\\"ENERVATE\\",\\"email\\":\\"heathjuarez@enervate.com\\",\\"phone\\":\\"+1 (852) 464-2334\\",\\"address\\":\\"229 Anthony Street, Soham, Texas, 6450\\",\\"about\\":\\"Ea laborum incididunt anim nisi nisi minim sint commodo nisi et. Anim quis laborum aliqua consequat laborum sit aliquip ad et ex occaecat labore. Excepteur commodo pariatur tempor consequat do magna amet voluptate velit nisi incididunt adipisicing.\\\\r\\\\n\\",\\"registered\\":\\"2017-01-28T04:46:14 -00:00\\",\\"latitude\\":-25.784315,\\"longitude\\":128.972241,\\"tags\\":[\\"et\\",\\"dolor\\",\\"minim\\",\\"aute\\",\\"culpa\\",\\"minim\\",\\"nulla\\"],\\"friends\\":[{\\"id\\":0,\\"name\\":\\"Katheryn Lyons\\"},{\\"id\\":1,\\"name\\":\\"Nicole Adkins\\"},{\\"id\\":2,\\"name\\":\\"Gomez Frye\\"}],\\"greeting\\":\\"Hello, Heath Juarez! You have 9 unread messages.\\",\\"favoriteFruit\\":\\"strawberry\\"},{\\"_id\\":\\"5de6a9b2124744561a8ff8d7\\",\\"index\\":1,\\"guid\\":\\"c54f8f67-0ee6-4d51-866d-33f101910ccc\\",\\"isActive\\":false,\\"balance\\":\\"$3,060.38\\",\\"picture\\":\\"http://placehold.it/32x32\\",\\"age\\":32,\\"eyeColor\\":\\"green\\",\\"name\\":\\"Walker Ellis\\",\\"gender\\":\\"male\\",\\"company\\":\\"EXTRAGEN\\",\\"email\\":\\"walkerellis@extragen.com\\",\\"phone\\":\\"+1 (807) 467-3786\\",\\"address\\":\\"917 Hart Place, Snelling, New York, 1012\\",\\"about\\":\\"Duis consequat dolor cupidatat pariatur nulla consectetur id anim eiusmod laborum sunt. Est dolor occaecat incididunt eu ad deserunt. Qui dolor velit sint cupidatat adipisicing reprehenderit exercitation veniam non. Fugiat exercitation quis anim ut adipisicing veniam officia. Occaecat non nisi reprehenderit et fugiat deserunt. Irure laborum cillum esse nulla sint velit culpa irure consequat. Laboris culpa fugiat reprehenderit culpa labore exercitation culpa excepteur irure laboris cupidatat.\\\\r\\\\n\\",\\"registered\\":\\"2015-08-22T03:13:25 -01:00\\",\\"latitude\\":-89.512173,\\"longitude\\":66.056281,\\"tags\\":[\\"pariatur\\",\\"do\\",\\"cupidatat\\",\\"laborum\\",\\"tempor\\",\\"incididunt\\",\\"veniam\\"],\\"friends\\":[{\\"id\\":0,\\"name\\":\\"Casey Fischer\\"},{\\"id\\":1,\\"name\\":\\"Bryan Ratliff\\"},{\\"id\\":2,\\"name\\":\\"Drake Page\\"}],\\"greeting\\":\\"Hello, Walker Ellis! You have 8 unread messages.\\",\\"favoriteFruit\\":\\"strawberry\\"},{\\"_id\\":\\"5de6a9b2cef5507058e75d2a\\",\\"index\\":2,\\"guid\\":\\"cdcfd8c6-b3d7-40eb-bb4b-79c0cb67c747\\",\\"isActive\\":false,\\"balance\\":\\"$3,257.51\\",\\"picture\\":\\"http://placehold.it/32x32\\",\\"age\\":20,\\"eyeColor\\":\\"blue\\",\\"name\\":\\"Gwen Irwin\\",\\"gender\\":\\"female\\",\\"company\\":\\"XERONK\\",\\"email\\":\\"gwenirwin@xeronk.com\\",\\"phone\\":\\"+1 (986) 437-3348\\",\\"address\\":\\"930 Willow Street, Sharon, Utah, 5432\\",\\"about\\":\\"Amet non duis excepteur deserunt consectetur deserunt ullamco. Ea in id est reprehenderit. Ipsum nisi fugiat consequat deserunt enim. Excepteur consequat fugiat qui non quis aute mollit id excepteur id elit eiusmod. Ipsum consequat ut cillum id cillum ut velit. Ea elit ex in laborum ullamco cupidatat excepteur irure esse.\\\\r\\\\n\\",\\"registered\\":\\"2018-02-15T11:58:36 -00:00\\",\\"latitude\\":79.564171,\\"longitude\\":-161.687238,\\"tags\\":[\\"culpa\\",\\"sunt\\",\\"nisi\\",\\"aliquip\\",\\"ipsum\\",\\"deserunt\\",\\"labore\\"],\\"friends\\":[{\\"id\\":0,\\"name\\":\\"Harrell Gill\\"},{\\"id\\":1,\\"name\\":\\"Jennifer Cole\\"},{\\"id\\":2,\\"name\\":\\"Brittany Rodriquez\\"}],\\"greeting\\":\\"Hello, Gwen Irwin! You have 2 unread messages.\\",\\"favoriteFruit\\":\\"apple\\"},{\\"_id\\":\\"5de6a9b2ae3ea5a9a14abab5\\",\\"index\\":3,\\"guid\\":\\"553f0d1d-96c3-4377-9fff-1f22fdbf5640\\",\\"isActive\\":false,\\"balance\\":\\"$3,392.73\\",\\"picture\\":\\"http://placehold.it/32x32\\",\\"age\\":34,\\"eyeColor\\":\\"brown\\",\\"name\\":\\"Morales Copeland\\",\\"gender\\":\\"male\\",\\"company\\":\\"EMTRAK\\",\\"email\\":\\"moralescopeland@emtrak.com\\",\\"phone\\":\\"+1 (903) 577-3028\\",\\"address\\":\\"776 Sunnyside Avenue, Saticoy, Massachusetts, 5839\\",\\"about\\":\\"Aute anim veniam esse ut do est incididunt nisi. Quis et elit magna qui eiusmod ipsum ex officia. Anim ad officia in ea exercitation ad. Mollit cupidatat quis minim laborum anim aliquip non cillum. Dolore do cillum irure dolore sunt ea id.\\\\r\\\\n\\",\\"registered\\":\\"2015-02-28T02:35:48 -00:00\\",\\"latitude\\":43.483263,\\"longitude\\":170.141808,\\"tags\\":[\\"ullamco\\",\\"enim\\",\\"quis\\",\\"et\\",\\"eu\\",\\"mollit\\",\\"elit\\"],\\"friends\\":[{\\"id\\":0,\\"name\\":\\"Meyers Suarez\\"},{\\"id\\":1,\\"name\\":\\"Annabelle Jacobson\\"},{\\"id\\":2,\\"name\\":\\"Santos Washington\\"}],\\"greeting\\":\\"Hello, Morales Copeland! You have 6 unread messages.\\",\\"favoriteFruit\\":\\"apple\\"},{\\"_id\\":\\"5de6a9b274c021041d9c473e\\",\\"index\\":4,\\"guid\\":\\"b2f1d9ce-632a-489e-8f49-12ec06e21a26\\",\\"isActive\\":true,\\"balance\\":\\"$2,842.14\\",\\"picture\\":\\"http://placehold.it/32x32\\",\\"age\\":20,\\"eyeColor\\":\\"brown\\",\\"name\\":\\"Klein Tillman\\",\\"gender\\":\\"male\\",\\"company\\":\\"FUTURITY\\",\\"email\\":\\"kleintillman@futurity.com\\",\\"phone\\":\\"+1 (869) 419-2192\\",\\"address\\":\\"126 Sedgwick Place, Hanover, Minnesota, 4773\\",\\"about\\":\\"Labore et ipsum mollit nisi veniam reprehenderit id sunt proident cillum dolor. Aliquip enim exercitation nostrud excepteur officia laborum reprehenderit laborum pariatur sit quis cupidatat minim ut. Nisi voluptate minim eu dolore eiusmod ea et cupidatat ea eiusmod culpa sint non quis. Occaecat ex eu ut dolore consectetur. Laboris incididunt aliquip officia exercitation est mollit. Incididunt ea sint sunt consequat deserunt adipisicing commodo id. Deserunt excepteur amet culpa nisi enim et sit mollit incididunt.\\\\r\\\\n\\",\\"registered\\":\\"2019-03-02T01:06:18 -00:00\\",\\"latitude\\":2.030643,\\"longitude\\":-162.943928,\\"tags\\":[\\"minim\\",\\"et\\",\\"est\\",\\"voluptate\\",\\"eiusmod\\",\\"anim\\",\\"aliqua\\"],\\"friends\\":[{\\"id\\":0,\\"name\\":\\"Knight Meyer\\"},{\\"id\\":1,\\"name\\":\\"Ebony Schroeder\\"},{\\"id\\":2,\\"name\\":\\"Minerva Vincent\\"}],\\"greeting\\":\\"Hello, Klein Tillman! You have 4 unread messages.\\",\\"favoriteFruit\\":\\"strawberry\\"},{\\"_id\\":\\"5de6a9b2afa3a0ed62b04d59\\",\\"index\\":5,\\"guid\\":\\"1285ee06-5505-4b68-a0b1-c4de404c2249\\",\\"isActive\\":true,\\"balance\\":\\"$2,147.78\\",\\"picture\\":\\"http://placehold.it/32x32\\",\\"age\\":31,\\"eyeColor\\":\\"blue\\",\\"name\\":\\"May Bentley\\",\\"gender\\":\\"male\\",\\"company\\":\\"INRT\\",\\"email\\":\\"maybentley@inrt.com\\",\\"phone\\":\\"+1 (895) 466-3376\\",\\"address\\":\\"812 Underhill Avenue, Charco, Virginia, 2350\\",\\"about\\":\\"Reprehenderit consectetur non laborum cupidatat aliqua. Officia deserunt Lorem duis dolore consectetur et id aliquip sit elit velit in labore. Aute eiusmod mollit aliquip ipsum. In do ullamco irure labore dolor laboris esse exercitation laborum. Amet sit qui pariatur Lorem reprehenderit eu ipsum.\\\\r\\\\n\\",\\"registered\\":\\"2014-08-05T03:35:09 -01:00\\",\\"latitude\\":-83.794666,\\"longitude\\":-63.6837,\\"tags\\":[\\"ut\\",\\"pariatur\\",\\"duis\\",\\"ipsum\\",\\"ea\\",\\"ipsum\\",\\"reprehenderit\\"],\\"friends\\":[{\\"id\\":0,\\"name\\":\\"Ramos Freeman\\"},{\\"id\\":1,\\"name\\":\\"Luz Elliott\\"},{\\"id\\":2,\\"name\\":\\"Alana Phillips\\"}],\\"greeting\\":\\"Hello, May Bentley! You have 10 unread messages.\\",\\"favoriteFruit\\":\\"apple\\"},{\\"_id\\":\\"5de6a9b22437a4f706b60f22\\",\\"index\\":6,\\"guid\\":\\"c7063fc6-fe4e-4c20-91dc-83abfcd3605b\\",\\"isActive\\":true,\\"balance\\":\\"$1,791.92\\",\\"picture\\":\\"http://placehold.it/32x32\\",\\"age\\":33,\\"eyeColor\\":\\"green\\",\\"name\\":\\"Michael Campbell\\",\\"gender\\":\\"male\\",\\"company\\":\\"HINWAY\\",\\"email\\":\\"michaelcampbell@hinway.com\\",\\"phone\\":\\"+1 (831) 584-3171\\",\\"address\\":\\"640 Danforth Street, Wheatfields, New Hampshire, 4954\\",\\"about\\":\\"Incididunt labore excepteur consequat sit consequat mollit proident. Commodo est nulla commodo veniam. Culpa excepteur ut duis tempor exercitation eu eu ut aute irure commodo sunt ut. Aute amet aliquip magna ex do sunt reprehenderit aliquip quis Lorem. Laboris eu sunt Lorem cillum consequat est incididunt excepteur quis ad elit eu exercitation.\\\\r\\\\n\\",\\"registered\\":\\"2016-01-10T02:35:33 -00:00\\",\\"latitude\\":-81.729245,\\"longitude\\":-128.633275,\\"tags\\":[\\"ea\\",\\"incididunt\\",\\"fugiat\\",\\"nostrud\\",\\"irure\\",\\"ullamco\\",\\"reprehenderit\\"],\\"friends\\":[{\\"id\\":0,\\"name\\":\\"Randi Russell\\"},{\\"id\\":1,\\"name\\":\\"Rosalind Kemp\\"},{\\"id\\":2,\\"name\\":\\"Marcie Barlow\\"}],\\"greeting\\":\\"Hello, Michael Campbell! You have 1 unread messages.\\",\\"favoriteFruit\\":\\"apple\\"}]]"`;
exports[`the jsonlines loader handles a single line of JSON: warnings 1`] = `Array []`;
exports[`the jsonlines loader handles a single line of JSON: errors 1`] = `Array []`;

exports[`the jsonlines loader handles a single line of JSON with trailing newline: content 1`] = `"module.exports = [,[{\\"_id\\":\\"5de6a9b249636271161a4b1c\\",\\"index\\":0,\\"guid\\":\\"6075aaf5-c018-4f21-88f1-5dd2dc360726\\",\\"isActive\\":false,\\"balance\\":\\"$3,427.54\\",\\"picture\\":\\"http://placehold.it/32x32\\",\\"age\\":27,\\"eyeColor\\":\\"blue\\",\\"name\\":\\"Heath Juarez\\",\\"gender\\":\\"male\\",\\"company\\":\\"ENERVATE\\",\\"email\\":\\"heathjuarez@enervate.com\\",\\"phone\\":\\"+1 (852) 464-2334\\",\\"address\\":\\"229 Anthony Street, Soham, Texas, 6450\\",\\"about\\":\\"Ea laborum incididunt anim nisi nisi minim sint commodo nisi et. Anim quis laborum aliqua consequat laborum sit aliquip ad et ex occaecat labore. Excepteur commodo pariatur tempor consequat do magna amet voluptate velit nisi incididunt adipisicing.\\\\r\\\\n\\",\\"registered\\":\\"2017-01-28T04:46:14 -00:00\\",\\"latitude\\":-25.784315,\\"longitude\\":128.972241,\\"tags\\":[\\"et\\",\\"dolor\\",\\"minim\\",\\"aute\\",\\"culpa\\",\\"minim\\",\\"nulla\\"],\\"friends\\":[{\\"id\\":0,\\"name\\":\\"Katheryn Lyons\\"},{\\"id\\":1,\\"name\\":\\"Nicole Adkins\\"},{\\"id\\":2,\\"name\\":\\"Gomez Frye\\"}],\\"greeting\\":\\"Hello, Heath Juarez! You have 9 unread messages.\\",\\"favoriteFruit\\":\\"strawberry\\"},{\\"_id\\":\\"5de6a9b2124744561a8ff8d7\\",\\"index\\":1,\\"guid\\":\\"c54f8f67-0ee6-4d51-866d-33f101910ccc\\",\\"isActive\\":false,\\"balance\\":\\"$3,060.38\\",\\"picture\\":\\"http://placehold.it/32x32\\",\\"age\\":32,\\"eyeColor\\":\\"green\\",\\"name\\":\\"Walker Ellis\\",\\"gender\\":\\"male\\",\\"company\\":\\"EXTRAGEN\\",\\"email\\":\\"walkerellis@extragen.com\\",\\"phone\\":\\"+1 (807) 467-3786\\",\\"address\\":\\"917 Hart Place, Snelling, New York, 1012\\",\\"about\\":\\"Duis consequat dolor cupidatat pariatur nulla consectetur id anim eiusmod laborum sunt. Est dolor occaecat incididunt eu ad deserunt. Qui dolor velit sint cupidatat adipisicing reprehenderit exercitation veniam non. Fugiat exercitation quis anim ut adipisicing veniam officia. Occaecat non nisi reprehenderit et fugiat deserunt. Irure laborum cillum esse nulla sint velit culpa irure consequat. Laboris culpa fugiat reprehenderit culpa labore exercitation culpa excepteur irure laboris cupidatat.\\\\r\\\\n\\",\\"registered\\":\\"2015-08-22T03:13:25 -01:00\\",\\"latitude\\":-89.512173,\\"longitude\\":66.056281,\\"tags\\":[\\"pariatur\\",\\"do\\",\\"cupidatat\\",\\"laborum\\",\\"tempor\\",\\"incididunt\\",\\"veniam\\"],\\"friends\\":[{\\"id\\":0,\\"name\\":\\"Casey Fischer\\"},{\\"id\\":1,\\"name\\":\\"Bryan Ratliff\\"},{\\"id\\":2,\\"name\\":\\"Drake Page\\"}],\\"greeting\\":\\"Hello, Walker Ellis! You have 8 unread messages.\\",\\"favoriteFruit\\":\\"strawberry\\"},{\\"_id\\":\\"5de6a9b2cef5507058e75d2a\\",\\"index\\":2,\\"guid\\":\\"cdcfd8c6-b3d7-40eb-bb4b-79c0cb67c747\\",\\"isActive\\":false,\\"balance\\":\\"$3,257.51\\",\\"picture\\":\\"http://placehold.it/32x32\\",\\"age\\":20,\\"eyeColor\\":\\"blue\\",\\"name\\":\\"Gwen Irwin\\",\\"gender\\":\\"female\\",\\"company\\":\\"XERONK\\",\\"email\\":\\"gwenirwin@xeronk.com\\",\\"phone\\":\\"+1 (986) 437-3348\\",\\"address\\":\\"930 Willow Street, Sharon, Utah, 5432\\",\\"about\\":\\"Amet non duis excepteur deserunt consectetur deserunt ullamco. Ea in id est reprehenderit. Ipsum nisi fugiat consequat deserunt enim. Excepteur consequat fugiat qui non quis aute mollit id excepteur id elit eiusmod. Ipsum consequat ut cillum id cillum ut velit. Ea elit ex in laborum ullamco cupidatat excepteur irure esse.\\\\r\\\\n\\",\\"registered\\":\\"2018-02-15T11:58:36 -00:00\\",\\"latitude\\":79.564171,\\"longitude\\":-161.687238,\\"tags\\":[\\"culpa\\",\\"sunt\\",\\"nisi\\",\\"aliquip\\",\\"ipsum\\",\\"deserunt\\",\\"labore\\"],\\"friends\\":[{\\"id\\":0,\\"name\\":\\"Harrell Gill\\"},{\\"id\\":1,\\"name\\":\\"Jennifer Cole\\"},{\\"id\\":2,\\"name\\":\\"Brittany Rodriquez\\"}],\\"greeting\\":\\"Hello, Gwen Irwin! You have 2 unread messages.\\",\\"favoriteFruit\\":\\"apple\\"},{\\"_id\\":\\"5de6a9b2ae3ea5a9a14abab5\\",\\"index\\":3,\\"guid\\":\\"553f0d1d-96c3-4377-9fff-1f22fdbf5640\\",\\"isActive\\":false,\\"balance\\":\\"$3,392.73\\",\\"picture\\":\\"http://placehold.it/32x32\\",\\"age\\":34,\\"eyeColor\\":\\"brown\\",\\"name\\":\\"Morales Copeland\\",\\"gender\\":\\"male\\",\\"company\\":\\"EMTRAK\\",\\"email\\":\\"moralescopeland@emtrak.com\\",\\"phone\\":\\"+1 (903) 577-3028\\",\\"address\\":\\"776 Sunnyside Avenue, Saticoy, Massachusetts, 5839\\",\\"about\\":\\"Aute anim veniam esse ut do est incididunt nisi. Quis et elit magna qui eiusmod ipsum ex officia. Anim ad officia in ea exercitation ad. Mollit cupidatat quis minim laborum anim aliquip non cillum. Dolore do cillum irure dolore sunt ea id.\\\\r\\\\n\\",\\"registered\\":\\"2015-02-28T02:35:48 -00:00\\",\\"latitude\\":43.483263,\\"longitude\\":170.141808,\\"tags\\":[\\"ullamco\\",\\"enim\\",\\"quis\\",\\"et\\",\\"eu\\",\\"mollit\\",\\"elit\\"],\\"friends\\":[{\\"id\\":0,\\"name\\":\\"Meyers Suarez\\"},{\\"id\\":1,\\"name\\":\\"Annabelle Jacobson\\"},{\\"id\\":2,\\"name\\":\\"Santos Washington\\"}],\\"greeting\\":\\"Hello, Morales Copeland! You have 6 unread messages.\\",\\"favoriteFruit\\":\\"apple\\"},{\\"_id\\":\\"5de6a9b274c021041d9c473e\\",\\"index\\":4,\\"guid\\":\\"b2f1d9ce-632a-489e-8f49-12ec06e21a26\\",\\"isActive\\":true,\\"balance\\":\\"$2,842.14\\",\\"picture\\":\\"http://placehold.it/32x32\\",\\"age\\":20,\\"eyeColor\\":\\"brown\\",\\"name\\":\\"Klein Tillman\\",\\"gender\\":\\"male\\",\\"company\\":\\"FUTURITY\\",\\"email\\":\\"kleintillman@futurity.com\\",\\"phone\\":\\"+1 (869) 419-2192\\",\\"address\\":\\"126 Sedgwick Place, Hanover, Minnesota, 4773\\",\\"about\\":\\"Labore et ipsum mollit nisi veniam reprehenderit id sunt proident cillum dolor. Aliquip enim exercitation nostrud excepteur officia laborum reprehenderit laborum pariatur sit quis cupidatat minim ut. Nisi voluptate minim eu dolore eiusmod ea et cupidatat ea eiusmod culpa sint non quis. Occaecat ex eu ut dolore consectetur. Laboris incididunt aliquip officia exercitation est mollit. Incididunt ea sint sunt consequat deserunt adipisicing commodo id. Deserunt excepteur amet culpa nisi enim et sit mollit incididunt.\\\\r\\\\n\\",\\"registered\\":\\"2019-03-02T01:06:18 -00:00\\",\\"latitude\\":2.030643,\\"longitude\\":-162.943928,\\"tags\\":[\\"minim\\",\\"et\\",\\"est\\",\\"voluptate\\",\\"eiusmod\\",\\"anim\\",\\"aliqua\\"],\\"friends\\":[{\\"id\\":0,\\"name\\":\\"Knight Meyer\\"},{\\"id\\":1,\\"name\\":\\"Ebony Schroeder\\"},{\\"id\\":2,\\"name\\":\\"Minerva Vincent\\"}],\\"greeting\\":\\"Hello, Klein Tillman! You have 4 unread messages.\\",\\"favoriteFruit\\":\\"strawberry\\"},{\\"_id\\":\\"5de6a9b2afa3a0ed62b04d59\\",\\"index\\":5,\\"guid\\":\\"1285ee06-5505-4b68-a0b1-c4de404c2249\\",\\"isActive\\":true,\\"balance\\":\\"$2,147.78\\",\\"picture\\":\\"http://placehold.it/32x32\\",\\"age\\":31,\\"eyeColor\\":\\"blue\\",\\"name\\":\\"May Bentley\\",\\"gender\\":\\"male\\",\\"company\\":\\"INRT\\",\\"email\\":\\"maybentley@inrt.com\\",\\"phone\\":\\"+1 (895) 466-3376\\",\\"address\\":\\"812 Underhill Avenue, Charco, Virginia, 2350\\",\\"about\\":\\"Reprehenderit consectetur non laborum cupidatat aliqua. Officia deserunt Lorem duis dolore consectetur et id aliquip sit elit velit in labore. Aute eiusmod mollit aliquip ipsum. In do ullamco irure labore dolor laboris esse exercitation laborum. Amet sit qui pariatur Lorem reprehenderit eu ipsum.\\\\r\\\\n\\",\\"registered\\":\\"2014-08-05T03:35:09 -01:00\\",\\"latitude\\":-83.794666,\\"longitude\\":-63.6837,\\"tags\\":[\\"ut\\",\\"pariatur\\",\\"duis\\",\\"ipsum\\",\\"ea\\",\\"ipsum\\",\\"reprehenderit\\"],\\"friends\\":[{\\"id\\":0,\\"name\\":\\"Ramos Freeman\\"},{\\"id\\":1,\\"name\\":\\"Luz Elliott\\"},{\\"id\\":2,\\"name\\":\\"Alana Phillips\\"}],\\"greeting\\":\\"Hello, May Bentley! You have 10 unread messages.\\",\\"favoriteFruit\\":\\"apple\\"},{\\"_id\\":\\"5de6a9b22437a4f706b60f22\\",\\"index\\":6,\\"guid\\":\\"c7063fc6-fe4e-4c20-91dc-83abfcd3605b\\",\\"isActive\\":true,\\"balance\\":\\"$1,791.92\\",\\"picture\\":\\"http://placehold.it/32x32\\",\\"age\\":33,\\"eyeColor\\":\\"green\\",\\"name\\":\\"Michael Campbell\\",\\"gender\\":\\"male\\",\\"company\\":\\"HINWAY\\",\\"email\\":\\"michaelcampbell@hinway.com\\",\\"phone\\":\\"+1 (831) 584-3171\\",\\"address\\":\\"640 Danforth Street, Wheatfields, New Hampshire, 4954\\",\\"about\\":\\"Incididunt labore excepteur consequat sit consequat mollit proident. Commodo est nulla commodo veniam. Culpa excepteur ut duis tempor exercitation eu eu ut aute irure commodo sunt ut. Aute amet aliquip magna ex do sunt reprehenderit aliquip quis Lorem. Laboris eu sunt Lorem cillum consequat est incididunt excepteur quis ad elit eu exercitation.\\\\r\\\\n\\",\\"registered\\":\\"2016-01-10T02:35:33 -00:00\\",\\"latitude\\":-81.729245,\\"longitude\\":-128.633275,\\"tags\\":[\\"ea\\",\\"incididunt\\",\\"fugiat\\",\\"nostrud\\",\\"irure\\",\\"ullamco\\",\\"reprehenderit\\"],\\"friends\\":[{\\"id\\":0,\\"name\\":\\"Randi Russell\\"},{\\"id\\":1,\\"name\\":\\"Rosalind Kemp\\"},{\\"id\\":2,\\"name\\":\\"Marcie Barlow\\"}],\\"greeting\\":\\"Hello, Michael Campbell! You have 1 unread messages.\\",\\"favoriteFruit\\":\\"apple\\"}]]"`;
exports[`the jsonlines loader handles a single line of JSON with trailing newline: warnings 1`] = `Array []`;
exports[`the jsonlines loader handles a single line of JSON with trailing newline: errors 1`] = `Array []`;

exports[`the jsonlines loader handles valid lines of JSON: content 1`] = `"module.exports = [,{},{\\"foo\\":42,\\"bar\\":[\\"fish\\",7,null],\\"reasons-to-be-cheerful\\":[1,2,3]},[9,8,7,\\"banana\\",true,false],\\"Tick tock...tick tock...\\\\nLife is counting down on your internal clock.\\",3.141592653589793,true,false,[true,true,true,true,true,null,false],null,[]]"`;
exports[`the jsonlines loader handles valid lines of JSON: warnings 1`] = `Array []`;
exports[`the jsonlines loader handles valid lines of JSON: errors 1`] = `Array []`;

exports[`the jsonlines loader handles valid lines of JSON with trailing newline: content 1`] = `"module.exports = [,{},{\\"foo\\":42,\\"bar\\":[\\"fish\\",7,null],\\"reasons-to-be-cheerful\\":[1,2,3]},[9,8,7,\\"banana\\",true,false],\\"Tick tock...tick tock...\\\\nLife is counting down on your internal clock.\\",3.141592653589793,true,false,[true,true,true,true,true,null,false],null,[]]"`;
exports[`the jsonlines loader handles valid lines of JSON with trailing newline: warnings 1`] = `Array []`;
exports[`the jsonlines loader handles valid lines of JSON with trailing newline: errors 1`] = `Array []`;

exports[`the jsonlines loader handles an invalid blank file: content 1`] = `"module.exports = [,]"`;
exports[`the jsonlines loader handles an invalid blank file: warnings 1`] = `Array []`;
exports[`the jsonlines loader handles an invalid blank file: errors 1`] = `
Array [
  [ModuleError: Module Error (replaced/path):
Unexpected end of JSON input],
]
`;

exports[`the jsonlines loader handles an invalid blank file ignoring parse errors: content 1`] = `"module.exports = [,\\"\\"]"`;
exports[`the jsonlines loader handles an invalid blank file ignoring parse errors: warnings 1`] = `Array []`;
exports[`the jsonlines loader handles an invalid blank file ignoring parse errors: errors 1`] = `Array []`;

exports[`the jsonlines loader handles invalid lines of JSON: content 1`] = `"module.exports = [,,{},,,,,,\\" \\",,,,,null,,,,,,\\"ultimate\\"]"`;
exports[`the jsonlines loader handles invalid lines of JSON: warnings 1`] = `Array []`;
exports[`the jsonlines loader handles invalid lines of JSON: errors 1`] = `
Array [
  [ModuleError: Module Error (replaced/path):
Unexpected end of JSON input],
  [ModuleError: Module Error (replaced/path):
Unexpected end of JSON input],
  [ModuleError: Module Error (replaced/path):
Unexpected end of JSON input],
  [ModuleError: Module Error (replaced/path):
Unexpected end of JSON input],
  [ModuleError: Module Error (replaced/path):
Unexpected end of JSON input],
  [ModuleError: Module Error (replaced/path):
Unexpected end of JSON input],
  [ModuleError: Module Error (replaced/path):
Unexpected end of JSON input],
  [ModuleError: Module Error (replaced/path):
Unexpected number in JSON at position 4],
  [ModuleError: Module Error (replaced/path):
Unexpected token ' in JSON at position 0],
  [ModuleError: Module Error (replaced/path):
Unexpected token , in JSON at position 5],
  [ModuleError: Module Error (replaced/path):
Unexpected token : in JSON at position 5],
  [ModuleError: Module Error (replaced/path):
Unexpected token ] in JSON at position 0],
  [ModuleError: Module Error (replaced/path):
Unexpected token r in JSON at position 2],
  [ModuleError: Module Error (replaced/path):
Unexpected token t in JSON at position 3],
  [ModuleError: Module Error (replaced/path):
Unexpected token } in JSON at position 0],
]
`;

exports[`the jsonlines loader handles invalid lines of JSON ignoring parse errors: content 1`] = `"module.exports = [,\\"\\",{},\\"{\\",\\"}\\",\\"{ \\\\\\"foo\\\\\\": 42, \\\\\\"bar\\\\\\": [\\\\\\"fish\\\\\\", 7, null], \\\\\\"reasons-to-be-cheerful\\\\\\": [1, 2, 3]\\",\\"\\\\\\"foo\\\\\\": 42, \\\\\\"bar\\\\\\": [\\\\\\"fish\\\\\\", 7, null], \\\\\\"reasons-to-be-cheerful\\\\\\": [1, 2, 3] }\\",\\"[ 9, 8, 7, \\\\\\"banana, true, false ]\\",\\" \\",\\"3.1 4 1 5 9 2 6\\",\\"truthy\\",\\"false,false\\",\\"\\",null,\\"nurl\\",\\"[\\",\\"]\\",\\"\\",\\"'penultimate'\\",\\"ultimate\\"]"`;
exports[`the jsonlines loader handles invalid lines of JSON ignoring parse errors: warnings 1`] = `Array []`;
exports[`the jsonlines loader handles invalid lines of JSON ignoring parse errors: errors 1`] = `Array []`;

exports[`the jsonlines loader handles missing source: content 1`] = `""`;
exports[`the jsonlines loader handles missing source: warnings 1`] = `Array []`;
exports[`the jsonlines loader handles missing source: errors 1`] = `
Array [
  [EntryModuleNotFoundError: Entry module not found: Error: Can't resolve replaced/paths],
]
`;
